// Jest Snapshot v1, https://goo.gl/fbAQLP

exports[`DetailsScreen should render correctly 1`] = `
<View
  style={
    {
      "alignItems": "center",
      "flex": 1,
    }
  }
>
  <Image
    source={
      {
        "uri": "https://static.wikia.nocookie.net/disney/images/8/80/Profile_-_627.png",
      }
    }
    style={
      {
        "borderRadius": 100,
        "height": 200,
        "marginVertical": 15,
        "resizeMode": "stretch",
        "width": 200,
      }
    }
  />
  <View
    style={
      {
        "flex": 1,
        "marginBottom": 15,
        "width": "90%",
      }
    }
  >
    <RCTScrollView>
      <View>
        <Text
          style={
            {
              "borderBottomWidth": 1,
              "padding": 10,
            }
          }
        >
          Films
          : 
          Film1, Film2
        </Text>
        <Text
          style={
            {
              "borderBottomWidth": 1,
              "padding": 10,
            }
          }
        >
          Short Films
          : 
          No Short Films
        </Text>
        <Text
          style={
            {
              "borderBottomWidth": 1,
              "padding": 10,
            }
          }
        >
          TV Shows
          : 
          No TV Shows
        </Text>
        <Text
          style={
            {
              "borderBottomWidth": 1,
              "padding": 10,
            }
          }
        >
          Video Games
          : 
          No Video Games
        </Text>
        <Text
          style={
            {
              "borderBottomWidth": 1,
              "padding": 10,
            }
          }
        >
          Park Attractions
          : 
          No Park Attractions
        </Text>
        <Text
          style={
            {
              "borderBottomWidth": 1,
              "padding": 10,
            }
          }
        >
          Allies
          : 
          No Allies
        </Text>
        <Text
          style={
            {
              "borderBottomWidth": 1,
              "padding": 10,
            }
          }
        >
          Enemies
          : 
          No Enemies
        </Text>
      </View>
    </RCTScrollView>
  </View>
</View>
`;
